[INFO] Maven Test Profiler 0.1.2 started.
[INFO] Scanning for projects...
[WARNING] 
[WARNING] Some problems were encountered while building the effective model for org.factcast:factcast-store:jar:0.11.2-SNAPSHOT
[WARNING] 'build.plugins.plugin.version' for org.codehaus.mojo:exec-maven-plugin is missing. @ line 284, column 15
[WARNING] 
[WARNING] It is highly recommended to fix these problems because they threaten the stability of your build.
[WARNING] 
[WARNING] For this reason, future Maven versions might no longer support building such malformed projects.
[WARNING] 
[INFO] 
[INFO] --------------------< org.factcast:factcast-store >---------------------
[INFO] Building org.factcast:factcast-store 0.11.2-SNAPSHOT
[INFO]   from pom.xml
[INFO] --------------------------------[ jar ]---------------------------------
[INFO] 
[INFO] --- enforcer:3.6.3:enforce (enforce-versions) @ factcast-store ---
[INFO] Rule 0: org.apache.maven.enforcer.rules.version.RequireMavenVersion passed
[INFO] Rule 1: org.apache.maven.enforcer.rules.version.RequireJavaVersion passed
[INFO] 
[INFO] --- os:1.7.1:detect (default) @ factcast-store ---
[INFO] ------------------------------------------------------------------------
[INFO] Detecting the operating system and CPU architecture
[INFO] ------------------------------------------------------------------------
[INFO] os.detected.name: linux
[INFO] os.detected.arch: x86_64
[INFO] os.detected.bitness: 64
[INFO] os.detected.version: 7.0
[INFO] os.detected.version.major: 7
[INFO] os.detected.version.minor: 0
[INFO] os.detected.release: ubuntu
[INFO] os.detected.release.version: 26.04
[INFO] os.detected.release.like.ubuntu: true
[INFO] os.detected.release.like.debian: true
[INFO] os.detected.classifier: linux-x86_64
[INFO] 
[INFO] --- dependency:3.7.0:properties (default) @ factcast-store ---
[INFO] 
[INFO] --- dependency:3.7.0:build-classpath (build-classpath) @ factcast-store ---
[INFO] Dependencies classpath:
/home/uwe/.m2/repository/net/javacrumbs/shedlock/shedlock-spring/7.7.0/shedlock-spring-7.7.0.jar:/home/uwe/.m2/repository/net/javacrumbs/shedlock/shedlock-core/7.7.0/shedlock-core-7.7.0.jar:/home/uwe/.m2/repository/org/springframework/spring-context/7.0.8/spring-context-7.0.8.jar:/home/uwe/.m2/repository/org/springframework/spring-aop/7.0.8/spring-aop-7.0.8.jar:/home/uwe/.m2/repository/org/springframework/spring-expression/7.0.8/spring-expression-7.0.8.jar:/home/uwe/.m2/repository/net/javacrumbs/shedlock/shedlock-provider-jdbc-template/7.7.0/shedlock-provider-jdbc-template-7.7.0.jar:/home/uwe/.m2/repository/net/javacrumbs/shedlock/shedlock-sql-support/7.7.0/shedlock-sql-support-7.7.0.jar:/home/uwe/.m2/repository/net/javacrumbs/shedlock/shedlock-provider-inmemory/7.7.0/shedlock-provider-inmemory-7.7.0.jar:/home/uwe/.m2/repository/org/factcast/factcast-core/0.11.2-SNAPSHOT/factcast-core-0.11.2-SNAPSHOT.jar:/home/uwe/.m2/repository/com/fasterxml/jackson/core/jackson-databind/2.22.1/jackson-databind-2.22.1.jar:/home/uwe/.m2/repository/com/fasterxml/jackson/core/jackson-annotations/2.22/jackson-annotations-2.22.jar:/home/uwe/.m2/repository/com/fasterxml/jackson/core/jackson-core/2.22.1/jackson-core-2.22.1.jar:/home/uwe/.m2/repository/org/slf4j/slf4j-api/2.0.18/slf4j-api-2.0.18.jar:/home/uwe/.m2/repository/org/factcast/factcast-factus-event/0.11.2-SNAPSHOT/factcast-factus-event-0.11.2-SNAPSHOT.jar:/home/uwe/.m2/repository/commons-io/commons-io/2.20.0/commons-io-2.20.0.jar:/home/uwe/.m2/repository/org/apache/commons/commons-lang3/3.20.0/commons-lang3-3.20.0.jar:/home/uwe/.m2/repository/org/apache/logging/log4j/log4j-to-slf4j/2.25.4/log4j-to-slf4j-2.25.4.jar:/home/uwe/.m2/repository/org/apache/logging/log4j/log4j-api/2.25.4/log4j-api-2.25.4.jar:/home/uwe/.m2/repository/org/slf4j/jul-to-slf4j/2.0.18/jul-to-slf4j-2.0.18.jar:/home/uwe/.m2/repository/org/springframework/boot/spring-boot-starter-liquibase/4.1.0/spring-boot-starter-liquibase-4.1.0.jar:/home/uwe/.m2/repository/org/springframework/boot/spring-boot-starter/4.1.0/spring-boot-starter-4.1.0.jar:/home/uwe/.m2/repository/org/springframework/boot/spring-boot-starter-logging/4.1.0/spring-boot-starter-logging-4.1.0.jar:/home/uwe/.m2/repository/org/yaml/snakeyaml/2.6/snakeyaml-2.6.jar:/home/uwe/.m2/repository/org/springframework/boot/spring-boot-starter-jdbc/4.1.0/spring-boot-starter-jdbc-4.1.0.jar:/home/uwe/.m2/repository/org/springframework/boot/spring-boot-jdbc/4.1.0/spring-boot-jdbc-4.1.0.jar:/home/uwe/.m2/repository/org/springframework/boot/spring-boot-sql/4.1.0/spring-boot-sql-4.1.0.jar:/home/uwe/.m2/repository/org/springframework/boot/spring-boot-transaction/4.1.0/spring-boot-transaction-4.1.0.jar:/home/uwe/.m2/repository/org/springframework/boot/spring-boot-persistence/4.1.0/spring-boot-persistence-4.1.0.jar:/home/uwe/.m2/repository/org/springframework/boot/spring-boot-liquibase/4.1.0/spring-boot-liquibase-4.1.0.jar:/home/uwe/.m2/repository/org/liquibase/liquibase-core/5.0.3/liquibase-core-5.0.3.jar:/home/uwe/.m2/repository/org/apache/commons/commons-text/1.15.0/commons-text-1.15.0.jar:/home/uwe/.m2/repository/com/opencsv/opencsv/5.12.0/opencsv-5.12.0.jar:/home/uwe/.m2/repository/org/postgresql/postgresql/42.7.13/postgresql-42.7.13.jar:/home/uwe/.m2/repository/org/checkerframework/checker-qual/3.55.1/checker-qual-3.55.1.jar:/home/uwe/.m2/repository/com/google/guava/guava/33.6.0-jre/guava-33.6.0-jre.jar:/home/uwe/.m2/repository/com/google/guava/failureaccess/1.0.3/failureaccess-1.0.3.jar:/home/uwe/.m2/repository/com/google/guava/listenablefuture/9999.0-empty-to-avoid-conflict-with-guava/listenablefuture-9999.0-empty-to-avoid-conflict-with-guava.jar:/home/uwe/.m2/repository/org/jspecify/jspecify/1.0.0/jspecify-1.0.0.jar:/home/uwe/.m2/repository/com/google/errorprone/error_prone_annotations/2.47.0/error_prone_annotations-2.47.0.jar:/home/uwe/.m2/repository/com/google/j2objc/j2objc-annotations/3.1/j2objc-annotations-3.1.jar:/home/uwe/.m2/repository/com/github/erosb/everit-json-schema/1.14.6/everit-json-schema-1.14.6.jar:/home/uwe/.m2/repository/commons-validator/commons-validator/1.9.0/commons-validator-1.9.0.jar:/home/uwe/.m2/repository/commons-digester/commons-digester/2.1/commons-digester-2.1.jar:/home/uwe/.m2/repository/commons-collections/commons-collections/3.2.2/commons-collections-3.2.2.jar:/home/uwe/.m2/repository/com/damnhandy/handy-uri-templates/2.1.8/handy-uri-templates-2.1.8.jar:/home/uwe/.m2/repository/joda-time/joda-time/2.10.2/joda-time-2.10.2.jar:/home/uwe/.m2/repository/com/google/re2j/re2j/1.8/re2j-1.8.jar:/home/uwe/.m2/repository/com/vaadin/external/google/android-json/0.0.20131108.vaadin1/android-json-0.0.20131108.vaadin1.jar:/home/uwe/.m2/repository/org/springframework/spring-core/7.0.8/spring-core-7.0.8.jar:/home/uwe/.m2/repository/commons-logging/commons-logging/1.3.6/commons-logging-1.3.6.jar:/home/uwe/.m2/repository/org/springframework/spring-jdbc/7.0.8/spring-jdbc-7.0.8.jar:/home/uwe/.m2/repository/org/springframework/spring-beans/7.0.8/spring-beans-7.0.8.jar:/home/uwe/.m2/repository/org/springframework/spring-tx/7.0.8/spring-tx-7.0.8.jar:/home/uwe/.m2/repository/org/apache/tomcat/tomcat-jdbc/11.0.22/tomcat-jdbc-11.0.22.jar:/home/uwe/.m2/repository/org/apache/tomcat/tomcat-juli/11.0.22/tomcat-juli-11.0.22.jar:/home/uwe/.m2/repository/io/micrometer/micrometer-core/1.17.0/micrometer-core-1.17.0.jar:/home/uwe/.m2/repository/io/micrometer/micrometer-commons/1.17.0/micrometer-commons-1.17.0.jar:/home/uwe/.m2/repository/io/micrometer/micrometer-observation/1.17.0/micrometer-observation-1.17.0.jar:/home/uwe/.m2/repository/org/hdrhistogram/HdrHistogram/2.2.2/HdrHistogram-2.2.2.jar:/home/uwe/.m2/repository/org/springframework/boot/spring-boot-autoconfigure/4.1.0/spring-boot-autoconfigure-4.1.0.jar:/home/uwe/.m2/repository/org/springframework/boot/spring-boot/4.1.0/spring-boot-4.1.0.jar:/home/uwe/.m2/repository/org/springframework/boot/spring-boot-configuration-processor/4.1.0/spring-boot-configuration-processor-4.1.0.jar:/home/uwe/.m2/repository/org/springframework/spring-aspects/7.0.8/spring-aspects-7.0.8.jar:/home/uwe/.m2/repository/org/aspectj/aspectjweaver/1.9.25.1/aspectjweaver-1.9.25.1.jar:/home/uwe/.m2/repository/org/jetbrains/kotlin/kotlin-stdlib/2.3.21/kotlin-stdlib-2.3.21.jar:/home/uwe/.m2/repository/org/jetbrains/annotations/13.0/annotations-13.0.jar:/home/uwe/.m2/repository/es/usc/citius/hipster/hipster-core/1.0.1/hipster-core-1.0.1.jar:/home/uwe/.m2/repository/org/apache/commons/commons-collections4/4.5.0/commons-collections4-4.5.0.jar:/home/uwe/.m2/repository/com/squareup/okhttp3/okhttp-jvm/5.4.0/okhttp-jvm-5.4.0.jar:/home/uwe/.m2/repository/com/squareup/okio/okio-jvm/3.17.0/okio-jvm-3.17.0.jar:/home/uwe/.m2/repository/org/graalvm/polyglot/polyglot/25.1.3/polyglot-25.1.3.jar:/home/uwe/.m2/repository/org/graalvm/sdk/collections/25.1.3/collections-25.1.3.jar:/home/uwe/.m2/repository/org/graalvm/sdk/nativeimage/25.1.3/nativeimage-25.1.3.jar:/home/uwe/.m2/repository/org/graalvm/sdk/word/25.1.3/word-25.1.3.jar:/home/uwe/.m2/repository/org/graalvm/js/js-scriptengine/25.1.3/js-scriptengine-25.1.3.jar:/home/uwe/.m2/repository/org/graalvm/polyglot/js-community/25.1.3/js-community-25.1.3.pom:/home/uwe/.m2/repository/org/graalvm/js/js-community/25.1.3/js-community-25.1.3.pom:/home/uwe/.m2/repository/org/graalvm/js/js/25.1.3/js-25.1.3.pom:/home/uwe/.m2/repository/org/graalvm/js/js-language/25.1.3/js-language-25.1.3.jar:/home/uwe/.m2/repository/org/graalvm/regex/regex/25.1.3/regex-25.1.3.jar:/home/uwe/.m2/repository/org/graalvm/shadowed/icu4j/25.1.3/icu4j-25.1.3.jar:/home/uwe/.m2/repository/org/graalvm/shadowed/xz/25.1.3/xz-25.1.3.jar:/home/uwe/.m2/repository/org/graalvm/truffle/truffle-runtime/25.1.3/truffle-runtime-25.1.3.jar:/home/uwe/.m2/repository/org/graalvm/truffle/truffle-compiler/25.1.3/truffle-compiler-25.1.3.jar:/home/uwe/.m2/repository/org/graalvm/truffle/truffle-api/25.1.3/truffle-api-25.1.3.jar:/home/uwe/.m2/repository/org/graalvm/sdk/jniutils/25.1.3/jniutils-25.1.3.jar:/home/uwe/.m2/repository/org/springframework/retry/spring-retry/2.0.13/spring-retry-2.0.13.jar:/home/uwe/.m2/repository/org/springframework/boot/spring-boot-starter-validation/4.1.0/spring-boot-starter-validation-4.1.0.jar:/home/uwe/.m2/repository/org/springframework/boot/spring-boot-validation/4.1.0/spring-boot-validation-4.1.0.jar:/home/uwe/.m2/repository/org/apache/tomcat/embed/tomcat-embed-el/11.0.22/tomcat-embed-el-11.0.22.jar:/home/uwe/.m2/repository/org/hibernate/validator/hibernate-validator/9.1.0.Final/hibernate-validator-9.1.0.Final.jar:/home/uwe/.m2/repository/jakarta/validation/jakarta.validation-api/3.1.1/jakarta.validation-api-3.1.1.jar:/home/uwe/.m2/repository/org/jboss/logging/jboss-logging/3.6.3.Final/jboss-logging-3.6.3.Final.jar:/home/uwe/.m2/repository/com/fasterxml/classmate/1.7.3/classmate-1.7.3.jar:/home/uwe/.m2/repository/org/springframework/boot/spring-boot-properties-migrator/4.1.0/spring-boot-properties-migrator-4.1.0.jar:/home/uwe/.m2/repository/org/springframework/boot/spring-boot-configuration-metadata/4.1.0/spring-boot-configuration-metadata-4.1.0.jar
[INFO] 
[INFO] --- resources:3.5.0:resources (default-resources) @ factcast-store ---
[INFO] Copying 69 resources from src/main/resources to target/classes
[INFO] 
[INFO] --- compiler:3.15.0:compile (default-compile) @ factcast-store ---
[INFO] Nothing to compile - all classes are up to date.
[INFO] 
[INFO] --- resources:3.5.0:testResources (default-testResources) @ factcast-store ---
[INFO] Copying 10 resources from src/test/resources to target/test-classes
[INFO] 
[INFO] --- compiler:3.15.0:testCompile (default-testCompile) @ factcast-store ---
[INFO] Recompiling the module because of changed source code.
[INFO] Compiling 116 source files with javac [debug release 17] to target/test-classes
[INFO] -------------------------------------------------------------
[ERROR] COMPILATION ERROR : 
[INFO] -------------------------------------------------------------
[ERROR] /home/uwe/idea/factcast/factcast-store/src/test/java/org/factcast/store/internal/CondensedQueryExecutorTest.java:[120,1] reached end of file while parsing
[INFO] 1 error
[INFO] -------------------------------------------------------------
[INFO] ------------------------------------------------------------------------
[INFO] BUILD FAILURE
[INFO] ------------------------------------------------------------------------
[INFO] Total time:  1.372 s
[INFO] Finished at: 2026-07-13T16:59:25+02:00
[INFO] ------------------------------------------------------------------------
[INFO] 
[INFO] 
[INFO] SUREFIRE TEST SUMMARY
[INFO] Tests run Failures Errors Skipped Elapsed    ClassName
[INFO]                                   Time (sec)
[INFO] --------- -------- ------ ------- ----------
[INFO]         1        0      0       0      1.811
[INFO] ========= ======== ====== ======= ==========
[INFO] 
[INFO] Rate: 100 %
[INFO] Average Time per Test: 1.811000
[INFO] ------------------------------------------------------------------------
[INFO] SLOWEST SUREFIRE TEST SUMMARY
[INFO] Tests run Failures Errors Skipped Elapsed    ClassName
[INFO]                                   Time (sec)
[INFO]         1        0      0       0      1.811 org.factcast.store.internal.listen.NudgeNotificationHandlerTest
[INFO] ------------------------------------------------------------------------
[ERROR] Failed to execute goal org.apache.maven.plugins:maven-compiler-plugin:3.15.0:testCompile (default-testCompile) on project factcast-store: Compilation failure
[ERROR] /home/uwe/idea/factcast/factcast-store/src/test/java/org/factcast/store/internal/CondensedQueryExecutorTest.java:[120,1] reached end of file while parsing
[ERROR] 
[ERROR] -> [Help 1]
[ERROR] 
[ERROR] To see the full stack trace of the errors, re-run Maven with the -e switch.
[ERROR] Re-run Maven using the -X switch to enable full debug logging.
[ERROR] 
[ERROR] For more information about the errors and possible solutions, please read the following articles:
[ERROR] [Help 1] http://cwiki.apache.org/confluence/display/MAVEN/MojoFailureException
